Checking for nf-config... OK
Checking for NetCDF Fortran 90 library interface... OK
Checking for NetCDF4 support... OK (Adding -DHAVE_NETCDF4_SUPPORT to FFLAGS)
Checking for nf90_inq_varids... OK (Adding -DHAVE_NF90_INQ_VARIDS to FFLAGS)
( cd src; make FC="mpiifort" FFLAGS="-O3 -DHAVE_NETCDF4_SUPPORT -DHAVE_NF90_INQ_VARIDS" FCINCLUDES="-I/scratch/app/netcdf/4.7_intel_2020/include -I/scratch/app/netcdf/4.7_intel_2020/include" FCLIBS="-L/scratch/app/netcdf/4.7_intel_2020/lib -L/scratch/app/netcdf/4.7_intel_2020/lib -lnetcdff -L/scratch/app/hdf5/1.12_intel_2020/lib -L/scratch/app/netcdf/4.7_intel_2020/lib -lnetcdf -lnetcdf -lm -ldl -Wl,-rpath,/scratch/app/netcdf/4.7_intel_2020/lib -Wl,-rpath,/scratch/app/hdf5/1.12_intel_2020/lib -Wl,-rpath,/scratch/app/netcdf/4.7_intel_2020/lib  -Wl,-rpath,/scratch/app/netcdf/4.7_intel_2020/lib " )
make[1]: Entering directory `/scratch/cenapadrjsd/eduardo.garcia2/MONAN-scripts/sdumont/convert_mpas-1.0.0/src'
rm -f scan_input.o scan_input.mod
mpiifort -O3 -DHAVE_NETCDF4_SUPPORT -DHAVE_NF90_INQ_VARIDS -c scan_input.F90 -I/scratch/app/netcdf/4.7_intel_2020/include -I/scratch/app/netcdf/4.7_intel_2020/include
rm -f mpas_mesh.o mpas_mesh.mod
mpiifort -O3 -DHAVE_NETCDF4_SUPPORT -DHAVE_NF90_INQ_VARIDS -c mpas_mesh.F90 -I/scratch/app/netcdf/4.7_intel_2020/include -I/scratch/app/netcdf/4.7_intel_2020/include
rm -f target_mesh.o target_mesh.mod
mpiifort -O3 -DHAVE_NETCDF4_SUPPORT -DHAVE_NF90_INQ_VARIDS -c target_mesh.F90 -I/scratch/app/netcdf/4.7_intel_2020/include -I/scratch/app/netcdf/4.7_intel_2020/include
rm -f remapper.o remapper.mod
mpiifort -O3 -DHAVE_NETCDF4_SUPPORT -DHAVE_NF90_INQ_VARIDS -c remapper.F90 -I/scratch/app/netcdf/4.7_intel_2020/include -I/scratch/app/netcdf/4.7_intel_2020/include
rm -f file_output.o file_output.mod
mpiifort -O3 -DHAVE_NETCDF4_SUPPORT -DHAVE_NF90_INQ_VARIDS -c file_output.F90 -I/scratch/app/netcdf/4.7_intel_2020/include -I/scratch/app/netcdf/4.7_intel_2020/include
rm -f copy_atts.o copy_atts.mod
mpiifort -O3 -DHAVE_NETCDF4_SUPPORT -DHAVE_NF90_INQ_VARIDS -c copy_atts.F90 -I/scratch/app/netcdf/4.7_intel_2020/include -I/scratch/app/netcdf/4.7_intel_2020/include
rm -f field_list.o field_list.mod
mpiifort -O3 -DHAVE_NETCDF4_SUPPORT -DHAVE_NF90_INQ_VARIDS -c field_list.F90 -I/scratch/app/netcdf/4.7_intel_2020/include -I/scratch/app/netcdf/4.7_intel_2020/include
rm -f timer.o timer.mod
mpiifort -O3 -DHAVE_NETCDF4_SUPPORT -DHAVE_NF90_INQ_VARIDS -c timer.F90 -I/scratch/app/netcdf/4.7_intel_2020/include -I/scratch/app/netcdf/4.7_intel_2020/include
rm -f convert_mpas.o convert_mpas.mod
mpiifort -O3 -DHAVE_NETCDF4_SUPPORT -DHAVE_NF90_INQ_VARIDS -c convert_mpas.F90 -I/scratch/app/netcdf/4.7_intel_2020/include -I/scratch/app/netcdf/4.7_intel_2020/include
mpiifort -o convert_mpas scan_input.o mpas_mesh.o target_mesh.o remapper.o file_output.o copy_atts.o field_list.o timer.o convert_mpas.o -L/scratch/app/netcdf/4.7_intel_2020/lib -L/scratch/app/netcdf/4.7_intel_2020/lib -lnetcdff -L/scratch/app/hdf5/1.12_intel_2020/lib -L/scratch/app/netcdf/4.7_intel_2020/lib -lnetcdf -lnetcdf -lm -ldl -Wl,-rpath,/scratch/app/netcdf/4.7_intel_2020/lib -Wl,-rpath,/scratch/app/hdf5/1.12_intel_2020/lib -Wl,-rpath,/scratch/app/netcdf/4.7_intel_2020/lib  -Wl,-rpath,/scratch/app/netcdf/4.7_intel_2020/lib 
make[1]: Leaving directory `/scratch/cenapadrjsd/eduardo.garcia2/MONAN-scripts/sdumont/convert_mpas-1.0.0/src'
if [ -f src/convert_mpas ] ; then \
   ( cp src/convert_mpas . ) \
fi;
